2026-08-23 10:11:50,734  INFO    =================================================================
2026-08-23 10:11:50,734  INFO      NSE Bhavcopy Downloader  |  2026-08-23 10:11:50
2026-08-23 10:11:50,735  INFO      Range : 2026-08-22 -> 2026-08-22
2026-08-23 10:11:50,735  INFO      Dry   : False
2026-08-23 10:11:50,735  INFO    =================================================================
2026-08-23 10:11:50,737  INFO      Already fetched: 7 dates
2026-08-23 10:11:50,737  INFO      To fetch : 0 dates  |  Skipping 0 already done
2026-08-23 10:11:50,737  INFO    
2026-08-23 10:11:51,254  INFO      Warm-up OK [200]: https://www.nseindia.com/market-data/equity-derivatives-watch
2026-08-23 10:11:52,755  INFO    
2026-08-23 10:11:52,759  INFO    =================================================================
2026-08-23 10:11:52,759  INFO      DONE   OK=0  SKIP=0  FAIL=0
2026-08-23 10:11:52,759  INFO      Log: D:\VPROFITABLES\vprofitables\bhavcopy_download.log
2026-08-23 10:11:52,759  INFO    =================================================================
2026-08-23 10:14:36,284  INFO    =================================================================
2026-08-23 10:14:36,285  INFO      NSE Bhavcopy Downloader  |  2026-08-23 10:14:36
2026-08-23 10:14:36,285  INFO      Range : 2026-08-22 -> 2026-08-22
2026-08-23 10:14:36,285  INFO      Dry   : False
2026-08-23 10:14:36,285  INFO    =================================================================
2026-08-23 10:14:36,287  INFO      Already fetched: 7 dates
2026-08-23 10:14:36,287  INFO      To fetch : 0 dates  |  Skipping 0 already done
2026-08-23 10:14:36,287  INFO    
2026-08-23 10:14:37,278  INFO      Warm-up OK [200]: https://www.nseindia.com/market-data/equity-derivatives-watch
2026-08-23 10:14:38,779  INFO    
2026-08-23 10:14:38,780  INFO    =================================================================
2026-08-23 10:14:38,780  INFO      DONE   OK=0  SKIP=0  FAIL=0
2026-08-23 10:14:38,780  INFO      Log: D:\VPROFITABLES\vprofitables\bhavcopy_download.log
2026-08-23 10:14:38,780  INFO    =================================================================
2026-08-23 10:49:54,212  INFO    =================================================================
2026-08-23 10:49:54,212  INFO      NSE Bhavcopy Downloader  |  2026-08-23 10:49:54
2026-08-23 10:49:54,213  INFO      Range : 2026-08-22 -> 2026-08-22
2026-08-23 10:49:54,213  INFO      Dry   : False
2026-08-23 10:49:54,213  INFO    =================================================================
2026-08-23 10:49:54,215  INFO      Already fetched: 7 dates
2026-08-23 10:49:54,215  INFO      To fetch : 0 dates  |  Skipping 0 already done
2026-08-23 10:49:54,215  INFO    
2026-08-23 10:49:54,796  INFO      Warm-up OK [200]: https://www.nseindia.com/market-data/equity-derivatives-watch
2026-08-23 10:49:56,297  INFO    
2026-08-23 10:49:56,298  INFO    =================================================================
2026-08-23 10:49:56,300  INFO      DONE   OK=0  SKIP=0  FAIL=0
2026-08-23 10:49:56,301  INFO      Log: D:\VPROFITABLES\vprofitables\bhavcopy_download.log
2026-08-23 10:49:56,301  INFO    =================================================================
2026-08-23 11:13:15,484  INFO    =================================================================
2026-08-23 11:13:15,484  INFO      NSE Bhavcopy Downloader  |  2026-08-23 11:13:15
2026-08-23 11:13:15,484  INFO      Range : 2026-08-22 -> 2026-08-22
2026-08-23 11:13:15,484  INFO      Dry   : False
2026-08-23 11:13:15,485  INFO    =================================================================
2026-08-23 11:13:15,486  INFO      Already fetched: 7 dates
2026-08-23 11:13:15,486  INFO      To fetch : 0 dates  |  Skipping 0 already done
2026-08-23 11:13:15,486  INFO    
2026-08-23 11:13:16,140  INFO      Warm-up OK [200]: https://www.nseindia.com/market-data/equity-derivatives-watch
2026-08-23 11:13:17,641  INFO    
2026-08-23 11:13:17,641  INFO    =================================================================
2026-08-23 11:13:17,642  INFO      DONE   OK=0  SKIP=0  FAIL=0
2026-08-23 11:13:17,642  INFO      Log: D:\VPROFITABLES\vprofitables\bhavcopy_download.log
2026-08-23 11:13:17,642  INFO    =================================================================
2026-08-23 11:24:21,030  INFO    =================================================================
2026-08-23 11:24:21,030  INFO      NSE Bhavcopy Downloader  |  2026-08-23 11:24:21
2026-08-23 11:24:21,031  INFO      Range : 2026-08-22 -> 2026-08-22
2026-08-23 11:24:21,031  INFO      Dry   : False
2026-08-23 11:24:21,031  INFO    =================================================================
2026-08-23 11:24:21,033  INFO      Already fetched: 7 dates
2026-08-23 11:24:21,033  INFO      To fetch : 0 dates  |  Skipping 0 already done
2026-08-23 11:24:21,033  INFO    
2026-08-23 11:24:21,511  INFO      Warm-up OK [200]: https://www.nseindia.com/market-data/equity-derivatives-watch
2026-08-23 11:24:23,013  INFO    
2026-08-23 11:24:23,013  INFO    =================================================================
2026-08-23 11:24:23,014  INFO      DONE   OK=0  SKIP=0  FAIL=0
2026-08-23 11:24:23,014  INFO      Log: D:\VPROFITABLES\vprofitables\bhavcopy_download.log
2026-08-23 11:24:23,015  INFO    =================================================================
2026-08-23 11:32:27,257  INFO    =================================================================
2026-08-23 11:32:27,257  INFO      NSE Bhavcopy Downloader  |  2026-08-23 11:32:27
2026-08-23 11:32:27,258  INFO      Range : 2026-08-22 -> 2026-08-22
2026-08-23 11:32:27,258  INFO      Dry   : False
2026-08-23 11:32:27,258  INFO    =================================================================
2026-08-23 11:32:27,259  INFO      Already fetched: 7 dates
2026-08-23 11:32:27,260  INFO      To fetch : 0 dates  |  Skipping 0 already done
2026-08-23 11:32:27,260  INFO    
2026-08-23 11:32:27,809  INFO      Warm-up OK [200]: https://www.nseindia.com/market-data/equity-derivatives-watch
2026-08-23 11:32:29,310  INFO    
2026-08-23 11:32:29,310  INFO    =================================================================
2026-08-23 11:32:29,310  INFO      DONE   OK=0  SKIP=0  FAIL=0
2026-08-23 11:32:29,310  INFO      Log: D:\VPROFITABLES\vprofitables\bhavcopy_download.log
2026-08-23 11:32:29,310  INFO    =================================================================
2026-08-23 22:18:09,485  INFO    =================================================================
2026-08-23 22:18:09,486  INFO      NSE Bhavcopy Downloader  |  2026-08-23 22:18:09
2026-08-23 22:18:09,486  INFO      Range : 2026-08-22 -> 2026-08-22
2026-08-23 22:18:09,486  INFO      Dry   : False
2026-08-23 22:18:09,487  INFO    =================================================================
2026-08-23 22:18:09,489  INFO      Already fetched: 7 dates
2026-08-23 22:18:09,489  INFO      To fetch : 0 dates  |  Skipping 0 already done
2026-08-23 22:18:09,489  INFO    
2026-08-23 22:18:10,202  INFO      Warm-up OK [200]: https://www.nseindia.com/market-data/equity-derivatives-watch
2026-08-23 22:18:11,705  INFO    
2026-08-23 22:18:11,706  INFO    =================================================================
2026-08-23 22:18:11,706  INFO      DONE   OK=0  SKIP=0  FAIL=0
2026-08-23 22:18:11,707  INFO      Log: D:\VPROFITABLES\vprofitables\bhavcopy_download.log
2026-08-23 22:18:11,708  INFO    =================================================================
2026-08-23 22:56:44,541  INFO    =================================================================
2026-08-23 22:56:44,542  INFO      NSE Bhavcopy Downloader  |  2026-08-23 22:56:44
2026-08-23 22:56:44,542  INFO      Range : 2026-08-22 -> 2026-08-22
2026-08-23 22:56:44,542  INFO      Dry   : False
2026-08-23 22:56:44,542  INFO    =================================================================
2026-08-23 22:56:44,544  INFO      Already fetched: 7 dates
2026-08-23 22:56:44,544  INFO      To fetch : 0 dates  |  Skipping 0 already done
2026-08-23 22:56:44,544  INFO    
2026-08-23 22:56:45,185  INFO      Warm-up OK [200]: https://www.nseindia.com/market-data/equity-derivatives-watch
2026-08-23 22:56:46,687  INFO    
2026-08-23 22:56:46,688  INFO    =================================================================
2026-08-23 22:56:46,689  INFO      DONE   OK=0  SKIP=0  FAIL=0
2026-08-23 22:56:46,689  INFO      Log: D:\VPROFITABLES\vprofitables\bhavcopy_download.log
2026-08-23 22:56:46,690  INFO    =================================================================
2026-08-23 23:07:41,413  INFO    =================================================================
2026-08-23 23:07:41,413  INFO      NSE Bhavcopy Downloader  |  2026-08-23 23:07:41
2026-08-23 23:07:41,414  INFO      Range : 2026-08-22 -> 2026-08-22
2026-08-23 23:07:41,414  INFO      Dry   : False
2026-08-23 23:07:41,415  INFO    =================================================================
2026-08-23 23:07:41,418  INFO      Already fetched: 7 dates
2026-08-23 23:07:41,418  INFO      To fetch : 0 dates  |  Skipping 0 already done
2026-08-23 23:07:41,419  INFO    
2026-08-23 23:07:42,088  INFO      Warm-up OK [200]: https://www.nseindia.com/market-data/equity-derivatives-watch
2026-08-23 23:07:43,589  INFO    
2026-08-23 23:07:43,590  INFO    =================================================================
2026-08-23 23:07:43,591  INFO      DONE   OK=0  SKIP=0  FAIL=0
2026-08-23 23:07:43,591  INFO      Log: D:\VPROFITABLES\vprofitables\bhavcopy_download.log
2026-08-23 23:07:43,592  INFO    =================================================================
2026-08-23 23:33:02,733  INFO    =================================================================
2026-08-23 23:33:02,733  INFO      NSE Bhavcopy Downloader  |  2026-08-23 23:33:02
2026-08-23 23:33:02,733  INFO      Range : 2026-08-22 -> 2026-08-22
2026-08-23 23:33:02,733  INFO      Dry   : False
2026-08-23 23:33:02,734  INFO    =================================================================
2026-08-23 23:33:02,735  INFO      Already fetched: 7 dates
2026-08-23 23:33:02,735  INFO      To fetch : 0 dates  |  Skipping 0 already done
2026-08-23 23:33:02,735  INFO    
2026-08-23 23:33:03,177  INFO      Warm-up OK [200]: https://www.nseindia.com/market-data/equity-derivatives-watch
2026-08-23 23:33:04,687  INFO    
2026-08-23 23:33:04,688  INFO    =================================================================
2026-08-23 23:33:04,689  INFO      DONE   OK=0  SKIP=0  FAIL=0
2026-08-23 23:33:04,689  INFO      Log: D:\VPROFITABLES\vprofitables\bhavcopy_download.log
2026-08-23 23:33:04,689  INFO    =================================================================
